﻿node.exe : 
[33m[1mWARNING:[22m[39m 
You are currently using 
Node.js v25.8.0, which is 
not supported by Hardhat. 
This can lead to unexpected 
behavior. See https://hardhat
.org/nodejs-versions
At line:1 char:1
+ & "C:\Program 
Files\nodejs/node.exe" 
"C:\Program 
Files\nodejs/node_mo ...
+ ~~~~~~~~~~~~~~~~~~~~~~~~~~~
~~~~~~~~~~~~~~~~~~~~~~~~~~~~~
~~~~~~~~~~~~~
    + CategoryInfo           
   : NotSpecified: ([33m[  
  1mWARNIN...nodejs-versio   
 ns:String) [], RemoteExc    
eption
    + FullyQualifiedErrorId  
   : NativeCommandError
 


[31m[1mError[22m[39m 
[31m[1mHH801:[22m[39m 
Plugin @nomicfoundation/hardh
at-toolbox requires the 
following dependencies to be 
installed: @nomicfoundation/h
ardhat-chai-matchers, @nomicf
oundation/hardhat-ethers, @no
micfoundation/hardhat-ignitio
n-ethers, @nomicfoundation/ha
rdhat-network-helpers, @nomic
foundation/hardhat-verify, 
@typechain/ethers-v6, 
@typechain/hardhat, 
@types/chai, @types/mocha, 
chai, hardhat-gas-reporter, 
solidity-coverage, ts-node, 
typechain, typescript.
Please run: npm install 
--save-dev "@nomicfoundation/
hardhat-chai-matchers@^2.0.0"
 "@nomicfoundation/hardhat-et
hers@^3.0.0" "@nomicfoundatio
n/hardhat-ignition-ethers@^0.
15.0" "@nomicfoundation/hardh
at-network-helpers@^1.0.0" "@
nomicfoundation/hardhat-verif
y@^2.0.0" "@typechain/ethers-
v6@^0.5.0" 
"@typechain/hardhat@^9.0.0" 
"@types/chai@^4.2.0" 
"@types/mocha@>=9.1.0" 
"chai@^4.2.0" "hardhat-gas-re
porter@^1.0.8" 
"solidity-coverage@^0.8.1" 
"ts-node@>=8.0.0" 
"typechain@^8.3.0" 
"typescript@>=4.5.0"

For more info go to 
https://hardhat.org/HH801 or 
run Hardhat with 
--show-stack-traces
